// Jest Snapshot v1, https://goo.gl/fbAQLP

exports[`should match snapshot 1`] = `ShallowWrapper {}`;

exports[`should match snapshot step 2 1`] = `ShallowWrapper {}`;

exports[`should match snapshot step 3 1`] = `ShallowWrapper {}`;

exports[`should match snapshot step 4 1`] = `ShallowWrapper {}`;
